// Jest Snapshot v1, https://goo.gl/fbAQLP

exports[`<getRecordsContainer /> should match the snapshot 1`] = `ShallowWrapper {}`;
