// Jest Snapshot v1, https://goo.gl/fbAQLP

exports[`SignUpContainer renders without fail 1`] = `ShallowWrapper {}`;
